../Core/Src/main.c:86:10:Map	32	static
../Core/Src/main.c:93:6:HAL_UARTEx_RxEventCallback	40	static
../Core/Src/main.c:123:5:main	16	static
../Core/Src/main.c:185:6:SystemClock_Config	88	static
../Core/Src/main.c:232:13:MX_ADC1_Init	24	static
../Core/Src/main.c:279:13:MX_TIM1_Init	96	static
../Core/Src/main.c:354:13:MX_USART1_UART_Init	8	static
../Core/Src/main.c:385:13:MX_DMA_Init	16	static
../Core/Src/main.c:406:13:MX_GPIO_Init	16	static
../Core/Src/main.c:427:6:Error_Handler	4	static,ignoring_inline_asm
